
[1m[46m RUN [49m[22m [36mv4.1.2 [39m[90mC:/Users/Eduardo/Desktop/Desktop Projetos/psi-painel/psi-painel-karen[39m

[90mstdout[2m | backend/tests/notificationService.test.js[2m > [22m[2mNotificationService - Failure Scenarios[2m > [22m[2mshould mark status as "error" when max attempts are reached
[22m[39m[NotificationQueue] Processando 1 mensagens...

[90mstdout[2m | backend/tests/notificationService.test.js[2m > [22m[2mNotificationService - Failure Scenarios[2m > [22m[2mshould cancel the message if it has already expired
[22m[39m[NotificationQueue] Processando 1 mensagens...

[90mstdout[2m | backend/tests/notificationService.test.js[2m > [22m[2mNotificationService - Failure Scenarios[2m > [22m[2mshould cancel the message if it has already expired
[22m[39m[NotificationQueue] Mensagem 2 expirada e cancelada.

[90mstdout[2m | backend/tests/notificationService.test.js[2m > [22m[2mNotificationService - Failure Scenarios[2m > [22m[2mshould retry messages if they fail but still have attempts left
[22m[39m[NotificationQueue] Processando 1 mensagens...

[90mstdout[2m | backend/tests/notificationService.test.js
[22m[39mÔ£à Banco de dados conectado com sucesso

 [31mÔØ»[39m backend/tests/notificationService.test.js [2m([22m[2m4 tests[22m[2m | [22m[31m1 failed[39m[2m)[22m[32m 34[2mms[22m[39m
     [32mÔ£ô[39m should mark status as "error" when max attempts are reached[32m 12[2mms[22m[39m
     [32mÔ£ô[39m should cancel the message if it has already expired[32m 3[2mms[22m[39m
     [32mÔ£ô[39m should retry messages if they fail but still have attempts left[32m 2[2mms[22m[39m
[31m     [31m├ù[31m should successfully enqueue a message[39m[32m 14[2mms[22m[39m
node.exe : 
No C:\Users\Eduardo\AppDat
a\Local\nvs\node\22.19.0\x
64\npx.ps1:16 caractere:5
+     & 
"$basedir/node$exe"  "$bas
edir/node_modules/npm/bin/
npx-cli.js" ...
+     ~~~~~~~~~~~~~~~~~~~~
~~~~~~~~~~~~~~~~~~~~~~~~~~
~~~~~~~~~~~~~~~~~~~
    + CategoryInfo        
      : NotSpecified: (:  
  String) [], RemoteExc   
 eption
    + FullyQualifiedError 
   Id : NativeCommandErr  
  or
 
[31mÔÄ»ÔÄ»ÔÄ»ÔÄ»ÔÄ»ÔÄ»ÔÄ»
[39m[1m[41m Failed 
Tests 1 [49m[22m[31mÔÄ»
ÔÄ»ÔÄ»ÔÄ»ÔÄ»ÔÄ»ÔÄ»[39m

[41m[1m FAIL [22m[49m 
backend/tests/notification
Service.test.js[2m > 
[22mNotificationService 
- Failure Scenarios[2m > 
[22mshould successfully 
enqueue a message
[31m[1mAssertionError[2
2m: expected undefined to 
be 999 // Object.is 
equality[39m

[32m- Expected:[39m
999

[31m+ Received:[39m
undefined

[36m [2mÔØ»[22m backend
/tests/notificationService
.test.js:[2m108:16[22m[
39m
    [90m106|[39m     
[35mconst[39m id 
[33m=[39m 
[35mawait[39m notificati
onService[33m.[39m[34me
nqueue[39m(data)[33m;[3
9m
    [90m107|[39m
    [90m108|[39m     [3
4mexpect[39m(id)[33m.[3
9m[34mtoBe[39m([34m999
[39m)[33m;[39m
    [90m   |[39m        
        [31m^[39m
    [90m109|[39m     [3
4mexpect[39m(db[33m.[39
mquery)[33m.[39m[34mtoH
aveBeenCalledWith[39m(
    [90m110|[39m       e
xpect[33m.[39m[34mstrin
gContaining[39m([32m'INS
ERT INTO notification_queu
e'[39m)[33m,[39m

[31m[2mÔÄ»ÔÄ»ÔÄ»ÔÄ»ÔÄ»ÔÄ
»ÔÄ»ÔÄ»ÔÄ»ÔÄ»ÔÄ»ÔÄ»ÔÄ»ÔÄ»Ô
Ä»ÔÄ»ÔÄ»ÔÄ»ÔÄ»ÔÄ»ÔÄ»ÔÄ»ÔÄ»
ÔÄ»[1/1]ÔÄ»[22m[39m


[2m Test Files [22m [1m[31m1 failed[39m[22m[90m (1)[39m
[2m      Tests [22m [1m[31m1 failed[39m[22m[2m | [22m[1m[32m3 passed[39m[22m[90m (4)[39m
[2m   Start at [22m 18:18:55
[2m   Duration [22m 5.65s[2m (transform 105ms, setup 385ms, import 2.19s, tests 34ms, environment 2.52s)[22m

