App.tsx(131,68): error TS2322: Type '{ onMenuClick: () => void; user: any; onLogout: () => void; }' is not assignable to type 'IntrinsicAttributes & TopbarProps'.
  Property 'user' does not exist on type 'IntrinsicAttributes & TopbarProps'.
components/Forms/FormBuilder.tsx(293,92): error TS2769: No overload matches this call.
  The last overload gave the following error.
    Object literal may only specify known properties, and 'size' does not exist in type 'Partial<unknown> & Attributes'.
components/Forms/FormBuilder.tsx(430,122): error TS2769: No overload matches this call.
  The last overload gave the following error.
    Object literal may only specify known properties, and 'size' does not exist in type 'Partial<unknown> & Attributes'.
components/TherapeuticPlanEditor.tsx(234,14): error TS2345: Argument of type '(prev: any) => any' is not assignable to parameter of type 'TheraPlan'.
components/TherapeuticPlanEditor.tsx(252,34): error TS2345: Argument of type '(p: any) => any' is not assignable to parameter of type 'TheraPlan'.
components/TherapeuticPlanEditor.tsx(258,70): error TS2345: Argument of type '(p: any) => any' is not assignable to parameter of type 'TheraPlan'.
components/TherapeuticPlanEditor.tsx(261,47): error TS2345: Argument of type '(p: any) => any' is not assignable to parameter of type 'TheraPlan'.
components/TherapeuticPlanEditor.tsx(264,34): error TS2345: Argument of type '(p: any) => any' is not assignable to parameter of type 'TheraPlan'.
components/TherapeuticPlanEditor.tsx(271,70): error TS2345: Argument of type '(p: any) => any' is not assignable to parameter of type 'TheraPlan'.
components/TherapeuticPlanEditor.tsx(274,47): error TS2345: Argument of type '(p: any) => any' is not assignable to parameter of type 'TheraPlan'.
components/TherapeuticPlanEditor.tsx(277,35): error TS2345: Argument of type '(p: any) => any' is not assignable to parameter of type 'TheraPlan'.
components/TherapeuticPlanEditor.tsx(283,71): error TS2345: Argument of type '(p: any) => any' is not assignable to parameter of type 'TheraPlan'.
components/TherapeuticPlanEditor.tsx(286,48): error TS2345: Argument of type '(p: any) => any' is not assignable to parameter of type 'TheraPlan'.
components/TherapeuticPlanEditor.tsx(289,42): error TS2345: Argument of type '(p: any) => any' is not assignable to parameter of type 'TheraPlan'.
components/TherapeuticPlanEditor.tsx(294,78): error TS2345: Argument of type '(p: any) => any' is not assignable to parameter of type 'TheraPlan'.
components/TherapeuticPlanEditor.tsx(297,55): error TS2345: Argument of type '(p: any) => any' is not assignable to parameter of type 'TheraPlan'.
components/TherapeuticPlanEditor.tsx(302,43): error TS2345: Argument of type '(p: any) => any' is not assignable to parameter of type 'TheraPlan'.
components/TherapeuticPlanEditor.tsx(308,79): error TS2345: Argument of type '(p: any) => any' is not assignable to parameter of type 'TheraPlan'.
components/TherapeuticPlanEditor.tsx(311,56): error TS2345: Argument of type '(p: any) => any' is not assignable to parameter of type 'TheraPlan'.
components/TherapeuticPlanEditor.tsx(327,18): error TS2345: Argument of type '(p: any) => any' is not assignable to parameter of type 'TheraPlan'.
components/TherapeuticPlanEditor.tsx(778,41): error TS2345: Argument of type '(p: any) => any' is not assignable to parameter of type 'TheraPlan'.
components/UI/FilterLine.tsx(55,11): error TS2430: Interface 'FilterLineSearchProps' incorrectly extends interface 'Omit<InputHTMLAttributes<HTMLInputElement>, "size">'.
  Types of property 'onChange' are incompatible.
    Type '(value: string) => void' is not assignable to type 'ChangeEventHandler<HTMLInputElement, HTMLInputElement>'.
      Types of parameters 'value' and 'event' are incompatible.
        Type 'ChangeEvent<HTMLInputElement, HTMLInputElement>' is not assignable to type 'string'.
components/UI/Input.tsx(20,11): error TS2320: Interface 'InputProps' cannot simultaneously extend types 'Omit<InputHTMLAttributes<HTMLInputElement>, "size">' and 'BaseFieldProps'.
  Named property 'prefix' of types 'Omit<InputHTMLAttributes<HTMLInputElement>, "size">' and 'BaseFieldProps' are not identical.
components/UI/Input.tsx(24,11): error TS2320: Interface 'SelectProps' cannot simultaneously extend types 'Omit<SelectHTMLAttributes<HTMLSelectElement>, "size">' and 'BaseFieldProps'.
  Named property 'prefix' of types 'Omit<SelectHTMLAttributes<HTMLSelectElement>, "size">' and 'BaseFieldProps' are not identical.
pages/Approaches.tsx(296,83): error TS2769: No overload matches this call.
  The last overload gave the following error.
    Object literal may only specify known properties, and 'size' does not exist in type 'Partial<unknown> & Attributes'.
pages/Approaches.tsx(369,87): error TS2769: No overload matches this call.
  The last overload gave the following error.
    Object literal may only specify known properties, and 'size' does not exist in type 'Partial<unknown> & Attributes'.
pages/clinical-tools/Humanism.tsx(106,16): error TS2345: Argument of type '{ id: string; goal: string; status: string; createdAt: string; }[]' is not assignable to parameter of type 'SetStateAction<ActualizationGoal[]>'.
  Type '{ id: string; goal: string; status: string; createdAt: string; }[]' is not assignable to type 'ActualizationGoal[]'.
    Type '{ id: string; goal: string; status: string; createdAt: string; }' is not assignable to type 'ActualizationGoal'.
      Types of property 'status' are incompatible.
        Type 'string' is not assignable to type '"pending" | "achieved"'.
pages/clinical-tools/ParentingGuidance.tsx(249,45): error TS2345: Argument of type '{ routine: { status: string; id: string | number; time: string; activity: string; }[]; contingencies: ContingencyPlan[]; goals: string[]; updated_at: string; }' is not assignable to parameter of type 'SetStateAction<ParentingData>'.
  Type '{ routine: { status: string; id: string | number; time: string; activity: string; }[]; contingencies: ContingencyPlan[]; goals: string[]; updated_at: string; }' is not assignable to type 'ParentingData'.
    Types of property 'routine' are incompatible.
      Type '{ status: string; id: string | number; time: string; activity: string; }[]' is not assignable to type 'RoutineItem[]'.
        Type '{ status: string; id: string | number; time: string; activity: string; }' is not assignable to type 'RoutineItem'.
          Types of property 'status' are incompatible.
            Type 'string' is not assignable to type '"pending" | "success" | "need_improvement"'.
pages/clinical-tools/ParentingGuidance.tsx(250,48): error TS2345: Argument of type '{ routine: { status: string; id: string | number; time: string; activity: string; }[]; contingencies: ContingencyPlan[]; goals: string[]; updated_at: string; }' is not assignable to parameter of type 'ParentingData'.
  Types of property 'routine' are incompatible.
    Type '{ status: string; id: string | number; time: string; activity: string; }[]' is not assignable to type 'RoutineItem[]'.
      Type '{ status: string; id: string | number; time: string; activity: string; }' is not assignable to type 'RoutineItem'.
        Types of property 'status' are incompatible.
          Type 'string' is not assignable to type '"pending" | "success" | "need_improvement"'.
pages/clinical-tools/Schema.tsx(147,18): error TS2345: Argument of type '{ createdAt: string; id: string; originalScene?: string; rescriptedScene?: string; emotionBefore?: number; emotionAfter?: number; }[]' is not assignable to parameter of type 'SetStateAction<ImageryRescripting[]>'.
  Type '{ createdAt: string; id: string; originalScene?: string; rescriptedScene?: string; emotionBefore?: number; emotionAfter?: number; }[]' is not assignable to type 'ImageryRescripting[]'.
    Type '{ createdAt: string; id: string; originalScene?: string; rescriptedScene?: string; emotionBefore?: number; emotionAfter?: number; }' is not assignable to type 'ImageryRescripting'.
      Property 'originalScene' is optional in type '{ createdAt: string; id: string; originalScene?: string; rescriptedScene?: string; emotionBefore?: number; emotionAfter?: number; }' but required in type 'ImageryRescripting'.
pages/ClinicalTools.tsx(372,88): error TS2769: No overload matches this call.
  The last overload gave the following error.
    Object literal may only specify known properties, and 'size' does not exist in type 'Partial<unknown> & Attributes'.
pages/ClinicalTools.tsx(507,84): error TS2769: No overload matches this call.
  The last overload gave the following error.
    Object literal may only specify known properties, and 'size' does not exist in type 'Partial<unknown> & Attributes'.
pages/Dashboard.tsx(983,10): error TS2322: Type '{ children: Element; isOpen: boolean; onClose: () => void; title: string; size: string; footer: Element; }' is not assignable to type 'IntrinsicAttributes & ModalProps'.
  Property 'size' does not exist on type 'IntrinsicAttributes & ModalProps'.
pages/Disc.tsx(302,11): error TS2339: Property 'showToast' does not exist on type 'ToastContextData'.
pages/DocGenerator.tsx(613,23): error TS2322: Type '{ children: (Element | Element[])[]; label: string; icon: Element; value: string; onChange: (e: ChangeEvent<HTMLSelectElement, HTMLSelectElement>) => void; }' is not assignable to type 'IntrinsicAttributes & SelectProps'.
  Property 'icon' does not exist on type 'IntrinsicAttributes & SelectProps'.
pages/DocGenerator.tsx(699,31): error TS2322: Type '{ label: string; icon: Element; value: string; onChange: (e: ChangeEvent<HTMLInputElement, HTMLInputElement>) => void; }' is not assignable to type 'IntrinsicAttributes & InputProps'.
  Property 'icon' does not exist on type 'IntrinsicAttributes & InputProps'.
pages/DocGenerator.tsx(705,31): error TS2322: Type '{ label: string; icon: Element; value: string; onChange: (e: ChangeEvent<HTMLInputElement, HTMLInputElement>) => void; }' is not assignable to type 'IntrinsicAttributes & InputProps'.
  Property 'icon' does not exist on type 'IntrinsicAttributes & InputProps'.
pages/DocGenerator.tsx(846,16): error TS2741: Property 'label' is missing in type '{ placeholder: string; value: string; onChange: (e: ChangeEvent<HTMLInputElement, HTMLInputElement>) => void; containerClassName: string; }' but required in type 'InputProps'.
pages/Documents.tsx(39,73): error TS2339: Property 'documents' does not exist on type 'UserPreferences'.
pages/Documents.tsx(188,22): error TS2345: Argument of type '"documents"' is not assignable to parameter of type 'keyof UserPreferences'.
pages/Finance.tsx(393,102): error TS2769: No overload matches this call.
  The last overload gave the following error.
    Object literal may only specify known properties, and 'size' does not exist in type 'Partial<unknown> & Attributes'.
pages/Finance.tsx(925,24): error TS2741: Property 'label' is missing in type '{ value: string; onChange: (e: ChangeEvent<HTMLInputElement, HTMLInputElement>) => void; placeholder: string; }' but required in type 'InputProps'.
pages/Finance.tsx(933,24): error TS2741: Property 'label' is missing in type '{ value: string; onChange: (e: ChangeEvent<HTMLInputElement, HTMLInputElement>) => void; placeholder: string; }' but required in type 'InputProps'.
pages/Finance.tsx(944,24): error TS2741: Property 'label' is missing in type '{ value: string; onChange: (e: ChangeEvent<HTMLInputElement, HTMLInputElement>) => void; placeholder: string; }' but required in type 'InputProps'.
pages/Finance.tsx(952,24): error TS2741: Property 'label' is missing in type '{ value: string; onChange: (e: ChangeEvent<HTMLInputElement, HTMLInputElement>) => void; placeholder: string; }' but required in type 'InputProps'.
pages/Finance.tsx(962,20): error TS2741: Property 'label' is missing in type '{ value: string; onChange: (e: ChangeEvent<HTMLTextAreaElement, HTMLTextAreaElement>) => void; placeholder: string; }' but required in type 'TextAreaProps'.
pages/FormResponses.tsx(497,72): error TS2322: Type '{ children: Element[]; key: string; id: string; noPadding: true; className: string; }' is not assignable to type 'IntrinsicAttributes & AppCardProps'.
  Property 'noPadding' does not exist on type 'IntrinsicAttributes & AppCardProps'.
pages/FormsList.tsx(406,75): error TS2769: No overload matches this call.
  The last overload gave the following error.
    Object literal may only specify known properties, and 'size' does not exist in type 'Partial<unknown> & Attributes'.
pages/MeetingRoom.tsx(3736,45): error TS2551: Property 'company_name' does not exist on type 'AuthUser'. Did you mean 'companyName'?
pages/Messages.tsx(142,54): error TS2551: Property 'recipientStatusFilter' does not exist on type '{ viewMode: "list" | "cards"; patientStatusFilter: "ativo" | "inativo" | "all"; itemsPerPage: number; }'. Did you mean 'patientStatusFilter'?
pages/Messages.tsx(143,103): error TS2561: Object literal may only specify known properties, but 'recipientStatusFilter' does not exist in type 'Partial<{ viewMode: "list" | "cards"; patientStatusFilter: "ativo" | "inativo" | "all"; itemsPerPage: number; }>'. Did you mean to write 'patientStatusFilter'?
pages/PEI.tsx(190,17): error TS2322: Type 'Element' is not assignable to type 'string'.
pages/PEI.tsx(247,26): error TS2741: Property 'label' is missing in type '{ value: string; onChange: (e: ChangeEvent<HTMLInputElement, HTMLInputElement>) => void; placeholder: string; className: string; }' but required in type 'InputProps'.
pages/PEI.tsx(272,38): error TS2741: Property 'label' is missing in type '{ type: "number"; value: string; onChange: (e: ChangeEvent<HTMLInputElement, HTMLInputElement>) => void; className: string; }' but required in type 'InputProps'.
pages/PEI.tsx(286,38): error TS2741: Property 'label' is missing in type '{ type: "number"; value: string; onChange: (e: ChangeEvent<HTMLInputElement, HTMLInputElement>) => void; className: string; }' but required in type 'InputProps'.
pages/PEI.tsx(433,17): error TS2322: Type 'Element' is not assignable to type 'string'.
pages/PEI.tsx(472,70): error TS2322: Type 'string' is not assignable to type '"low" | "medium" | "high"'.
pages/PEI.tsx(528,26): error TS2741: Property 'label' is missing in type '{ value: string; onChange: (e: ChangeEvent<HTMLInputElement, HTMLInputElement>) => void; placeholder: string; className: string; }' but required in type 'InputProps'.
pages/PEI.tsx(999,17): error TS2322: Type 'Element' is not assignable to type 'string'.
pages/PEI.tsx(1044,38): error TS2741: Property 'label' is missing in type '{ type: "number"; value: string; onChange: (e: ChangeEvent<HTMLInputElement, HTMLInputElement>) => void; placeholder: string; className: string; }' but required in type 'InputProps'.
pages/Professionals.tsx(629,22): error TS2741: Property 'label' is missing in type '{ placeholder: string; value: string; onChange: (e: ChangeEvent<HTMLInputElement, HTMLInputElement>) => void; }' but required in type 'InputProps'.
pages/PublicProfile.tsx(142,45): error TS2339: Property 'public_name' does not exist on type '{ primaryColor?: string; layout?: string; hero_title?: string; specialties_summary?: string; specialties_list?: string[]; experience_years?: string; patients_count?: string; faq?: { question: string; answer: string; }[]; ... 4 more ...; show_specialties?: boolean; }'.
pages/PublicProfile.tsx(300,58): error TS2339: Property 'public_name' does not exist on type '{ primaryColor?: string; layout?: string; hero_title?: string; specialties_summary?: string; specialties_list?: string[]; experience_years?: string; patients_count?: string; faq?: { question: string; answer: string; }[]; ... 4 more ...; show_specialties?: boolean; }'.
pages/PublicProfile.tsx(344,77): error TS2339: Property 'public_name' does not exist on type '{ primaryColor?: string; layout?: string; hero_title?: string; specialties_summary?: string; specialties_list?: string[]; experience_years?: string; patients_count?: string; faq?: { question: string; answer: string; }[]; ... 4 more ...; show_specialties?: boolean; }'.
pages/PublicProfile.tsx(388,90): error TS2339: Property 'prop_1_title' does not exist on type '{ primaryColor?: string; layout?: string; hero_title?: string; specialties_summary?: string; specialties_list?: string[]; experience_years?: string; patients_count?: string; faq?: { question: string; answer: string; }[]; ... 4 more ...; show_specialties?: boolean; }'.
pages/PublicProfile.tsx(388,152): error TS2339: Property 'prop_1_desc' does not exist on type '{ primaryColor?: string; layout?: string; hero_title?: string; specialties_summary?: string; specialties_list?: string[]; experience_years?: string; patients_count?: string; faq?: { question: string; answer: string; }[]; ... 4 more ...; show_specialties?: boolean; }'.
pages/PublicProfile.tsx(389,88): error TS2339: Property 'prop_2_title' does not exist on type '{ primaryColor?: string; layout?: string; hero_title?: string; specialties_summary?: string; specialties_list?: string[]; experience_years?: string; patients_count?: string; faq?: { question: string; answer: string; }[]; ... 4 more ...; show_specialties?: boolean; }'.
pages/PublicProfile.tsx(389,149): error TS2339: Property 'prop_2_desc' does not exist on type '{ primaryColor?: string; layout?: string; hero_title?: string; specialties_summary?: string; specialties_list?: string[]; experience_years?: string; patients_count?: string; faq?: { question: string; answer: string; }[]; ... 4 more ...; show_specialties?: boolean; }'.
pages/PublicProfile.tsx(390,90): error TS2339: Property 'prop_3_title' does not exist on type '{ primaryColor?: string; layout?: string; hero_title?: string; specialties_summary?: string; specialties_list?: string[]; experience_years?: string; patients_count?: string; faq?: { question: string; answer: string; }[]; ... 4 more ...; show_specialties?: boolean; }'.
pages/PublicProfile.tsx(390,154): error TS2339: Property 'prop_3_desc' does not exist on type '{ primaryColor?: string; layout?: string; hero_title?: string; specialties_summary?: string; specialties_list?: string[]; experience_years?: string; patients_count?: string; faq?: { question: string; answer: string; }[]; ... 4 more ...; show_specialties?: boolean; }'.
pages/PublicProfile.tsx(477,130): error TS2339: Property 'steps_title' does not exist on type '{ primaryColor?: string; layout?: string; hero_title?: string; specialties_summary?: string; specialties_list?: string[]; experience_years?: string; patients_count?: string; faq?: { question: string; answer: string; }[]; ... 4 more ...; show_specialties?: boolean; }'.
pages/PublicProfile.tsx(481,68): error TS2339: Property 'step_1_title' does not exist on type '{ primaryColor?: string; layout?: string; hero_title?: string; specialties_summary?: string; specialties_list?: string[]; experience_years?: string; patients_count?: string; faq?: { question: string; answer: string; }[]; ... 4 more ...; show_specialties?: boolean; }'.
pages/PublicProfile.tsx(481,133): error TS2339: Property 'step_1_desc' does not exist on type '{ primaryColor?: string; layout?: string; hero_title?: string; specialties_summary?: string; specialties_list?: string[]; experience_years?: string; patients_count?: string; faq?: { question: string; answer: string; }[]; ... 4 more ...; show_specialties?: boolean; }'.
pages/PublicProfile.tsx(482,68): error TS2339: Property 'step_2_title' does not exist on type '{ primaryColor?: string; layout?: string; hero_title?: string; specialties_summary?: string; specialties_list?: string[]; experience_years?: string; patients_count?: string; faq?: { question: string; answer: string; }[]; ... 4 more ...; show_specialties?: boolean; }'.
pages/PublicProfile.tsx(482,129): error TS2339: Property 'step_2_desc' does not exist on type '{ primaryColor?: string; layout?: string; hero_title?: string; specialties_summary?: string; specialties_list?: string[]; experience_years?: string; patients_count?: string; faq?: { question: string; answer: string; }[]; ... 4 more ...; show_specialties?: boolean; }'.
pages/PublicProfile.tsx(483,68): error TS2339: Property 'step_3_title' does not exist on type '{ primaryColor?: string; layout?: string; hero_title?: string; specialties_summary?: string; specialties_list?: string[]; experience_years?: string; patients_count?: string; faq?: { question: string; answer: string; }[]; ... 4 more ...; show_specialties?: boolean; }'.
pages/PublicProfile.tsx(483,129): error TS2339: Property 'step_3_desc' does not exist on type '{ primaryColor?: string; layout?: string; hero_title?: string; specialties_summary?: string; specialties_list?: string[]; experience_years?: string; patients_count?: string; faq?: { question: string; answer: string; }[]; ... 4 more ...; show_specialties?: boolean; }'.
pages/Records.tsx(3079,131): error TS2339: Property 'record_type' does not exist on type 'PieLabelRenderProps'.
pages/Services.tsx(544,13): error TS2339: Property 'status' does not exist on type 'Service'.
pages/Services.tsx(560,13): error TS2339: Property 'status' does not exist on type 'ServicePackage'.
pages/Services.tsx(592,13): error TS2339: Property 'status' does not exist on type 'Service'.
pages/Services.tsx(601,13): error TS2339: Property 'status' does not exist on type 'ServicePackage'.
pages/Services.tsx(1044,21): error TS2322: Type '{ children: string; variant: "outline"; size: "sm"; radius: "xl"; leftIcon: Element; as: any; }' is not assignable to type 'IntrinsicAttributes & ButtonProps'.
  Property 'as' does not exist on type 'IntrinsicAttributes & ButtonProps'.
pages/VirtualRooms.tsx(494,69): error TS2551: Property 'company_name' does not exist on type 'AuthUser'. Did you mean 'companyName'?
pages/VirtualRooms.tsx(587,65): error TS2551: Property 'company_name' does not exist on type 'AuthUser'. Did you mean 'companyName'?
